Release 14.7 - xst P.20131013 (nt64)
Copyright (c) 1995-2013 Xilinx, Inc.  All rights reserved.
--> Parameter TMPDIR set to xst/projnav.tmp


Total REAL time to Xst completion: 0.00 secs
Total CPU time to Xst completion: 0.07 secs
 
--> Parameter xsthdpdir set to xst


Total REAL time to Xst completion: 0.00 secs
Total CPU time to Xst completion: 0.07 secs
 
--> Reading design: Instruction_Fetch.prj

TABLE OF CONTENTS
  1) Synthesis Options Summary
  2) HDL Parsing
  3) HDL Elaboration
  4) HDL Synthesis
       4.1) HDL Synthesis Report
  5) Advanced HDL Synthesis
       5.1) Advanced HDL Synthesis Report
  6) Low Level Synthesis
  7) Partition Report
  8) Design Summary
       8.1) Primitive and Black Box Usage
       8.2) Device utilization summary
       8.3) Partition Resource Summary
       8.4) Timing Report
            8.4.1) Clock Information
            8.4.2) Asynchronous Control Signals Information
            8.4.3) Timing Summary
            8.4.4) Timing Details
            8.4.5) Cross Clock Domains Report


=========================================================================
*                      Synthesis Options Summary                        *
=========================================================================
---- Source Parameters
Input File Name                    : "Instruction_Fetch.prj"
Ignore Synthesis Constraint File   : NO

---- Target Parameters
Output File Name                   : "Instruction_Fetch"
Output Format                      : NGC
Target Device                      : xc6slx45-2-csg324

---- Source Options
Top Module Name                    : Instruction_Fetch
Automatic FSM Extraction           : YES
FSM Encoding Algorithm             : Auto
Safe Implementation                : No
FSM Style                          : LUT
RAM Extraction                     : Yes
RAM Style                          : Auto
ROM Extraction                     : Yes
Shift Register Extraction          : YES
ROM Style                          : Auto
Resource Sharing                   : YES
Asynchronous To Synchronous        : NO
Shift Register Minimum Size        : 2
Use DSP Block                      : Auto
Automatic Register Balancing       : No

---- Target Options
LUT Combining                      : Auto
Reduce Control Sets                : Auto
Add IO Buffers                     : YES
Global Maximum Fanout              : 100000
Add Generic Clock Buffer(BUFG)     : 16
Register Duplication               : YES
Optimize Instantiated Primitives   : NO
Use Clock Enable                   : Auto
Use Synchronous Set                : Auto
Use Synchronous Reset              : Auto
Pack IO Registers into IOBs        : Auto
Equivalent register Removal        : YES

---- General Options
Optimization Goal                  : Speed
Optimization Effort                : 1
Power Reduction                    : NO
Keep Hierarchy                     : No
Netlist Hierarchy                  : As_Optimized
RTL Output                         : Yes
Global Optimization                : AllClockNets
Read Cores                         : YES
Write Timing Constraints           : NO
Cross Clock Analysis               : NO
Hierarchy Separator                : /
Bus Delimiter                      : <>
Case Specifier                     : Maintain
Slice Utilization Ratio            : 100
BRAM Utilization Ratio             : 100
DSP48 Utilization Ratio            : 100
Auto BRAM Packing                  : NO
Slice Utilization Ratio Delta      : 5

=========================================================================


=========================================================================
*                          HDL Parsing                                  *
=========================================================================
Analyzing Verilog file "\\files.txstate.edu\udrive\WHYYYYY\Instruction_Fetch.v" into library work
Parsing module <Instruction_Fetch>.

=========================================================================
*                            HDL Elaboration                            *
=========================================================================

Elaborating module <Instruction_Fetch>.

=========================================================================
*                           HDL Synthesis                               *
=========================================================================

Synthesizing Unit <Instruction_Fetch>.
    Related source file is "\\files.txstate.edu\udrive\WHYYYYY\Instruction_Fetch.v".
WARNING:Xst:2999 - Signal 'mem', unconnected in block 'Instruction_Fetch', is tied to its initial value.
    Found 128x32-bit single-port Read Only RAM <Mram_mem> for signal <mem>.
    Found 32-bit register for signal <PC>.
    Found 64-bit register for signal <ID>.
    Found 32-bit adder for signal <PC[31]_GND_1_o_add_3_OUT> created at line 52.
    Summary:
	inferred   1 RAM(s).
	inferred   1 Adder/Subtractor(s).
	inferred  96 D-type flip-flop(s).
Unit <Instruction_Fetch> synthesized.

=========================================================================
HDL Synthesis Report

Macro Statistics
# RAMs                                                 : 1
 128x32-bit single-port Read Only RAM                  : 1
# Adders/Subtractors                                   : 1
 32-bit adder                                          : 1
# Registers                                            : 2
 32-bit register                                       : 1
 64-bit register                                       : 1

=========================================================================

=========================================================================
*                       Advanced HDL Synthesis                          *
=========================================================================


Synthesizing (advanced) Unit <Instruction_Fetch>.
The following registers are absorbed into counter <PC>: 1 register on signal <PC>.
INFO:Xst:3218 - HDL ADVISOR - The RAM <Mram_mem> will be implemented on LUTs either because you have described an asynchronous read or because of currently unsupported block RAM features. If you have described an asynchronous read, making it synchronous would allow you to take advantage of available block RAM resources, for optimized device usage and improved timings. Please refer to your documentation for coding guidelines.
    -----------------------------------------------------------------------
    | ram_type           | Distributed                         |          |
    -----------------------------------------------------------------------
    | Port A                                                              |
    |     aspect ratio   | 128-word x 32-bit                   |          |
    |     weA            | connected to signal <GND>           | high     |
    |     addrA          | connected to signal <PC<6:0>>       |          |
    |     diA            | connected to signal <GND>           |          |
    |     doA            | connected to internal node          |          |
    -----------------------------------------------------------------------
Unit <Instruction_Fetch> synthesized (advanced).

=========================================================================
Advanced HDL Synthesis Report

Macro Statistics
# RAMs                                                 : 1
 128x32-bit single-port distributed Read Only RAM      : 1
# Counters                                             : 1
 32-bit up counter                                     : 1
# Registers                                            : 64
 Flip-Flops                                            : 64

=========================================================================

=========================================================================
*                         Low Level Synthesis                           *
=========================================================================
WARNING:Xst:1710 - FF/Latch <ID_31> (without init value) has a constant value of 0 in block <Instruction_Fetch>. This FF/Latch will be trimmed during the optimization process.
WARNING:Xst:1895 - Due to other FF/Latch trimming, FF/Latch <ID_30> (without init value) has a constant value of 0 in block <Instruction_Fetch>. This FF/Latch will be trimmed during the optimization process.
WARNING:Xst:1895 - Due to other FF/Latch trimming, FF/Latch <ID_29> (without init value) has a constant value of 0 in block <Instruction_Fetch>. This FF/Latch will be trimmed during the optimization process.
WARNING:Xst:1895 - Due to other FF/Latch trimming, FF/Latch <ID_28> (without init value) has a constant value of 0 in block <Instruction_Fetch>. This FF/Latch will be trimmed during the optimization process.
WARNING:Xst:1895 - Due to other FF/Latch trimming, FF/Latch <ID_27> (without init value) has a constant value of 0 in block <Instruction_Fetch>. This FF/Latch will be trimmed during the optimization process.
WARNING:Xst:1895 - Due to other FF/Latch trimming, FF/Latch <ID_26> (without init value) has a constant value of 0 in block <Instruction_Fetch>. This FF/Latch will be trimmed during the optimization process.
WARNING:Xst:1895 - Due to other FF/Latch trimming, FF/Latch <ID_25> (without init value) has a constant value of 0 in block <Instruction_Fetch>. This FF/Latch will be trimmed during the optimization process.
WARNING:Xst:1895 - Due to other FF/Latch trimming, FF/Latch <ID_24> (without init value) has a constant value of 0 in block <Instruction_Fetch>. This FF/Latch will be trimmed during the optimization process.
WARNING:Xst:1895 - Due to other FF/Latch trimming, FF/Latch <ID_23> (without init value) has a constant value of 0 in block <Instruction_Fetch>. This FF/Latch will be trimmed during the optimization process.
WARNING:Xst:1895 - Due to other FF/Latch trimming, FF/Latch <ID_22> (without init value) has a constant value of 0 in block <Instruction_Fetch>. This FF/Latch will be trimmed during the optimization process.
WARNING:Xst:1895 - Due to other FF/Latch trimming, FF/Latch <ID_21> (without init value) has a constant value of 0 in block <Instruction_Fetch>. This FF/Latch will be trimmed during the optimization process.
WARNING:Xst:1895 - Due to other FF/Latch trimming, FF/Latch <ID_20> (without init value) has a constant value of 0 in block <Instruction_Fetch>. This FF/Latch will be trimmed during the optimization process.
WARNING:Xst:1895 - Due to other FF/Latch trimming, FF/Latch <ID_19> (without init value) has a constant value of 0 in block <Instruction_Fetch>. This FF/Latch will be trimmed during the optimization process.
WARNING:Xst:1895 - Due to other FF/Latch trimming, FF/Latch <ID_18> (without init value) has a constant value of 0 in block <Instruction_Fetch>. This FF/Latch will be trimmed during the optimization process.
WARNING:Xst:1895 - Due to other FF/Latch trimming, FF/Latch <ID_17> (without init value) has a constant value of 0 in block <Instruction_Fetch>. This FF/Latch will be trimmed during the optimization process.
WARNING:Xst:1895 - Due to other FF/Latch trimming, FF/Latch <ID_16> (without init value) has a constant value of 0 in block <Instruction_Fetch>. This FF/Latch will be trimmed during the optimization process.
WARNING:Xst:1895 - Due to other FF/Latch trimming, FF/Latch <ID_13> (without init value) has a constant value of 0 in block <Instruction_Fetch>. This FF/Latch will be trimmed during the optimization process.

Optimizing unit <Instruction_Fetch> ...

Mapping all equations...
Building and optimizing final netlist ...
Found area constraint ratio of 100 (+ 5) on block Instruction_Fetch, actual ratio is 0.

Final Macro Processing ...

=========================================================================
Final Register Report

Macro Statistics
# Registers                                            : 79
 Flip-Flops                                            : 79

=========================================================================

=========================================================================
*                           Partition Report                            *
=========================================================================

Partition Implementation Status
-------------------------------

  No Partitions were found in this design.

-------------------------------

=========================================================================
*                            Design Summary                             *
=========================================================================

Top Level Output File Name         : Instruction_Fetch.ngc

Primitive and Black Box Usage:
------------------------------
# BELS                             : 116
#      GND                         : 1
#      INV                         : 2
#      LUT1                        : 31
#      LUT2                        : 4
#      LUT3                        : 4
#      LUT5                        : 4
#      LUT6                        : 6
#      MUXCY                       : 31
#      VCC                         : 1
#      XORCY                       : 32
# FlipFlops/Latches                : 79
#      FDE                         : 79
# Clock Buffers                    : 1
#      BUFGP                       : 1
# IO Buffers                       : 97
#      IBUF                        : 1
#      OBUF                        : 96

Device utilization summary:
---------------------------

Selected Device : 6slx45csg324-2 


Slice Logic Utilization: 
 Number of Slice Registers:              79  out of  54576     0%  
 Number of Slice LUTs:                   51  out of  27288     0%  
    Number used as Logic:                51  out of  27288     0%  

Slice Logic Distribution: 
 Number of LUT Flip Flop pairs used:     88
   Number with an unused Flip Flop:       9  out of     88    10%  
   Number with an unused LUT:            37  out of     88    42%  
   Number of fully used LUT-FF pairs:    42  out of     88    47%  
   Number of unique control sets:         1

IO Utilization: 
 Number of IOs:                          98
 Number of bonded IOBs:                  98  out of    218    44%  

Specific Feature Utilization:
 Number of BUFG/BUFGCTRLs:                1  out of     16     6%  

---------------------------
Partition Resource Summary:
---------------------------

  No Partitions were found in this design.

---------------------------


=========================================================================
Timing Report

NOTE: THESE TIMING NUMBERS ARE ONLY A SYNTHESIS ESTIMATE.
      FOR ACCURATE TIMING INFORMATION PLEASE REFER TO THE TRACE REPORT
      GENERATED AFTER PLACE-and-ROUTE.

Clock Information:
------------------
-----------------------------------+------------------------+-------+
Clock Signal                       | Clock buffer(FF name)  | Load  |
-----------------------------------+------------------------+-------+
clock                              | BUFGP                  | 79    |
-----------------------------------+------------------------+-------+

Asynchronous Control Signals Information:
----------------------------------------
No asynchronous control signals found in this design

Timing Summary:
---------------
Speed Grade: -2

   Minimum period: 3.067ns (Maximum Frequency: 326.052MHz)
   Minimum input arrival time before clock: 4.611ns
   Maximum output required time after clock: 4.534ns
   Maximum combinational path delay: No path found

Timing Details:
---------------
All values displayed in nanoseconds (ns)

=========================================================================
Timing constraint: Default period analysis for Clock 'clock'
  Clock period: 3.067ns (frequency: 326.052MHz)
  Total number of paths / destination ports: 663 / 79
-------------------------------------------------------------------------
Delay:               3.067ns (Levels of Logic = 2)
  Source:            PC_0 (FF)
  Destination:       ID_0 (FF)
  Source Clock:      clock rising
  Destination Clock: clock rising

  Data Path: PC_0 to ID_0
                                Gate     Net
    Cell:in->out      fanout   Delay   Delay  Logical Name (Net Name)
    ----------------------------------------  ------------
     FDE:C->Q             12   0.525   1.297  PC_0 (PC_0)
     LUT3:I0->O            1   0.235   0.682  Mram_mem5_SW0 (N25)
     LUT5:I4->O            1   0.254   0.000  Mram_mem5 (_n0017<5>)
     FDE:D                     0.074          ID_5
    ----------------------------------------
    Total                      3.067ns (1.088ns logic, 1.979ns route)
                                       (35.5% logic, 64.5% route)

=========================================================================
Timing constraint: Default OFFSET IN BEFORE for Clock 'clock'
  Total number of paths / destination ports: 79 / 79
-------------------------------------------------------------------------
Offset:              4.611ns (Levels of Logic = 2)
  Source:            reset (PAD)
  Destination:       ID_0 (FF)
  Destination Clock: clock rising

  Data Path: reset to ID_0
                                Gate     Net
    Cell:in->out      fanout   Delay   Delay  Logical Name (Net Name)
    ----------------------------------------  ------------
     IBUF:I->O             1   1.328   0.681  reset_IBUF (reset_IBUF)
     INV:I->O             79   0.255   2.045  reset_inv1_INV_0 (reset_inv)
     FDE:CE                    0.302          ID_0
    ----------------------------------------
    Total                      4.611ns (1.885ns logic, 2.726ns route)
                                       (40.9% logic, 59.1% route)

=========================================================================
Timing constraint: Default OFFSET OUT AFTER for Clock 'clock'
  Total number of paths / destination ports: 79 / 79
-------------------------------------------------------------------------
Offset:              4.534ns (Levels of Logic = 1)
  Source:            PC_6 (FF)
  Destination:       PC<6> (PAD)
  Source Clock:      clock rising

  Data Path: PC_6 to PC<6>
                                Gate     Net
    Cell:in->out      fanout   Delay   Delay  Logical Name (Net Name)
    ----------------------------------------  ------------
     FDE:C->Q             13   0.525   1.097  PC_6 (PC_6)
     OBUF:I->O                 2.912          PC_6_OBUF (PC<6>)
    ----------------------------------------
    Total                      4.534ns (3.437ns logic, 1.097ns route)
                                       (75.8% logic, 24.2% route)

=========================================================================

Cross Clock Domains Report:
--------------------------

Clock to Setup on destination clock clock
---------------+---------+---------+---------+---------+
               | Src:Rise| Src:Fall| Src:Rise| Src:Fall|
Source Clock   |Dest:Rise|Dest:Rise|Dest:Fall|Dest:Fall|
---------------+---------+---------+---------+---------+
clock          |    3.067|         |         |         |
---------------+---------+---------+---------+---------+

=========================================================================


Total REAL time to Xst completion: 4.00 secs
Total CPU time to Xst completion: 4.59 secs
 
--> 

Total memory usage is 258812 kilobytes

Number of errors   :    0 (   0 filtered)
Number of warnings :   18 (   0 filtered)
Number of infos    :    1 (   0 filtered)

